// Jest Snapshot v1, https://goo.gl/fbAQLP

exports[`Profile Component renders correctly 1`] = `
ShallowWrapper {
  "length": 1,
  Symbol(enzyme.__root__): [Circular],
  Symbol(enzyme.__unrendered__): <Profile
    logout={[Function]}
    user={Object {}}
  />,
  Symbol(enzyme.__renderer__): Object {
    "batchedUpdates": [Function],
    "getNode": [Function],
    "render": [Function],
    "simulateEvent": [Function],
    "unmount": [Function],
  },
  Symbol(enzyme.__node__): Object {
    "instance": null,
    "key": undefined,
    "nodeType": "class",
    "props": Object {
      "bsClass": "container",
      "children": <Row
        bsClass="row"
        componentClass="div"
      >
        <Col
          bsClass="col"
          componentClass="div"
          xs={12}
        >
          <div>
            <h1
              className="headerText"
            >
              Welcome, 
              !
            </h1>
            <Image
              bsClass="img"
              circle={false}
              className="profilePic"
              responsive={false}
              rounded={false}
              src={undefined}
              thumbnail={false}
            />
            <div>
              <button
                onClick={[Function]}
              >
                LOGOUT
              </button>
            </div>
          </div>
        </Col>
      </Row>,
      "componentClass": "div",
      "fluid": false,
    },
    "ref": null,
    "rendered": Object {
      "instance": null,
      "key": undefined,
      "nodeType": "class",
      "props": Object {
        "bsClass": "row",
        "children": <Col
          bsClass="col"
          componentClass="div"
          xs={12}
        >
          <div>
            <h1
              className="headerText"
            >
              Welcome, 
              !
            </h1>
            <Image
              bsClass="img"
              circle={false}
              className="profilePic"
              responsive={false}
              rounded={false}
              src={undefined}
              thumbnail={false}
            />
            <div>
              <button
                onClick={[Function]}
              >
                LOGOUT
              </button>
            </div>
          </div>
        </Col>,
        "componentClass": "div",
      },
      "ref": null,
      "rendered": Object {
        "instance": null,
        "key": undefined,
        "nodeType": "class",
        "props": Object {
          "bsClass": "col",
          "children": <div>
            <h1
              className="headerText"
            >
              Welcome, 
              !
            </h1>
            <Image
              bsClass="img"
              circle={false}
              className="profilePic"
              responsive={false}
              rounded={false}
              src={undefined}
              thumbnail={false}
            />
            <div>
              <button
                onClick={[Function]}
              >
                LOGOUT
              </button>
            </div>
          </div>,
          "componentClass": "div",
          "xs": 12,
        },
        "ref": null,
        "rendered": Object {
          "instance": null,
          "key": undefined,
          "nodeType": "host",
          "props": Object {
            "children": Array [
              <h1
                className="headerText"
              >
                Welcome, 
                !
              </h1>,
              <Image
                bsClass="img"
                circle={false}
                className="profilePic"
                responsive={false}
                rounded={false}
                src={undefined}
                thumbnail={false}
              />,
              <div>
                <button
                  onClick={[Function]}
                >
                  LOGOUT
                </button>
              </div>,
            ],
          },
          "ref": null,
          "rendered": Array [
            Object {
              "instance": null,
              "key": undefined,
              "nodeType": "host",
              "props": Object {
                "children": Array [
                  "Welcome, ",
                  undefined,
                  "!",
                ],
                "className": "headerText",
              },
              "ref": null,
              "rendered": Array [
                "Welcome, ",
                undefined,
                "!",
              ],
              "type": "h1",
            },
            Object {
              "instance": null,
              "key": undefined,
              "nodeType": "class",
              "props": Object {
                "bsClass": "img",
                "circle": false,
                "className": "profilePic",
                "responsive": false,
                "rounded": false,
                "src": undefined,
                "thumbnail": false,
              },
              "ref": null,
              "rendered": null,
              "type": [Function],
            },
            Object {
              "instance": null,
              "key": undefined,
              "nodeType": "host",
              "props": Object {
                "children": <button
                  onClick={[Function]}
                >
                  LOGOUT
                </button>,
              },
              "ref": null,
              "rendered": Object {
                "instance": null,
                "key": undefined,
                "nodeType": "host",
                "props": Object {
                  "children": "LOGOUT",
                  "onClick": [Function],
                },
                "ref": null,
                "rendered": "LOGOUT",
                "type": "button",
              },
              "type": "div",
            },
          ],
          "type": "div",
        },
        "type": [Function],
      },
      "type": [Function],
    },
    "type": [Function],
  },
  Symbol(enzyme.__nodes__): Array [
    Object {
      "instance": null,
      "key": undefined,
      "nodeType": "class",
      "props": Object {
        "bsClass": "container",
        "children": <Row
          bsClass="row"
          componentClass="div"
        >
          <Col
            bsClass="col"
            componentClass="div"
            xs={12}
          >
            <div>
              <h1
                className="headerText"
              >
                Welcome, 
                !
              </h1>
              <Image
                bsClass="img"
                circle={false}
                className="profilePic"
                responsive={false}
                rounded={false}
                src={undefined}
                thumbnail={false}
              />
              <div>
                <button
                  onClick={[Function]}
                >
                  LOGOUT
                </button>
              </div>
            </div>
          </Col>
        </Row>,
        "componentClass": "div",
        "fluid": false,
      },
      "ref": null,
      "rendered": Object {
        "instance": null,
        "key": undefined,
        "nodeType": "class",
        "props": Object {
          "bsClass": "row",
          "children": <Col
            bsClass="col"
            componentClass="div"
            xs={12}
          >
            <div>
              <h1
                className="headerText"
              >
                Welcome, 
                !
              </h1>
              <Image
                bsClass="img"
                circle={false}
                className="profilePic"
                responsive={false}
                rounded={false}
                src={undefined}
                thumbnail={false}
              />
              <div>
                <button
                  onClick={[Function]}
                >
                  LOGOUT
                </button>
              </div>
            </div>
          </Col>,
          "componentClass": "div",
        },
        "ref": null,
        "rendered": Object {
          "instance": null,
          "key": undefined,
          "nodeType": "class",
          "props": Object {
            "bsClass": "col",
            "children": <div>
              <h1
                className="headerText"
              >
                Welcome, 
                !
              </h1>
              <Image
                bsClass="img"
                circle={false}
                className="profilePic"
                responsive={false}
                rounded={false}
                src={undefined}
                thumbnail={false}
              />
              <div>
                <button
                  onClick={[Function]}
                >
                  LOGOUT
                </button>
              </div>
            </div>,
            "componentClass": "div",
            "xs": 12,
          },
          "ref": null,
          "rendered": Object {
            "instance": null,
            "key": undefined,
            "nodeType": "host",
            "props": Object {
              "children": Array [
                <h1
                  className="headerText"
                >
                  Welcome, 
                  !
                </h1>,
                <Image
                  bsClass="img"
                  circle={false}
                  className="profilePic"
                  responsive={false}
                  rounded={false}
                  src={undefined}
                  thumbnail={false}
                />,
                <div>
                  <button
                    onClick={[Function]}
                  >
                    LOGOUT
                  </button>
                </div>,
              ],
            },
            "ref": null,
            "rendered": Array [
              Object {
                "instance": null,
                "key": undefined,
                "nodeType": "host",
                "props": Object {
                  "children": Array [
                    "Welcome, ",
                    undefined,
                    "!",
                  ],
                  "className": "headerText",
                },
                "ref": null,
                "rendered": Array [
                  "Welcome, ",
                  undefined,
                  "!",
                ],
                "type": "h1",
              },
              Object {
                "instance": null,
                "key": undefined,
                "nodeType": "class",
                "props": Object {
                  "bsClass": "img",
                  "circle": false,
                  "className": "profilePic",
                  "responsive": false,
                  "rounded": false,
                  "src": undefined,
                  "thumbnail": false,
                },
                "ref": null,
                "rendered": null,
                "type": [Function],
              },
              Object {
                "instance": null,
                "key": undefined,
                "nodeType": "host",
                "props": Object {
                  "children": <button
                    onClick={[Function]}
                  >
                    LOGOUT
                  </button>,
                },
                "ref": null,
                "rendered": Object {
                  "instance": null,
                  "key": undefined,
                  "nodeType": "host",
                  "props": Object {
                    "children": "LOGOUT",
                    "onClick": [Function],
                  },
                  "ref": null,
                  "rendered": "LOGOUT",
                  "type": "button",
                },
                "type": "div",
              },
            ],
            "type": "div",
          },
          "type": [Function],
        },
        "type": [Function],
      },
      "type": [Function],
    },
  ],
  Symbol(enzyme.__options__): Object {
    "adapter": ReactSixteenAdapter {
      "options": Object {
        "enableComponentDidUpdateOnSetState": true,
      },
    },
  },
}
`;
