// Jest Snapshot v1, https://goo.gl/fbAQLP

exports[`Google Button Component renders correctly 1`] = `
ShallowWrapper {
  "length": 1,
  Symbol(enzyme.__root__): [Circular],
  Symbol(enzyme.__unrendered__): <GoogleButton />,
  Symbol(enzyme.__renderer__): Object {
    "batchedUpdates": [Function],
    "getNode": [Function],
    "render": [Function],
    "simulateEvent": [Function],
    "unmount": [Function],
  },
  Symbol(enzyme.__node__): Object {
    "instance": null,
    "key": undefined,
    "nodeType": "host",
    "props": Object {
      "children": <a
        href="/api/auth/google"
        target="_self"
>
        <span
                className="googleButton_text"
        >
                Login with Google
        </span>
</a>,
      "className": "googleButton",
    },
    "ref": null,
    "rendered": Object {
      "instance": null,
      "key": undefined,
      "nodeType": "host",
      "props": Object {
        "children": <span
          className="googleButton_text"
>
          Login with Google
</span>,
        "href": "/api/auth/google",
        "target": "_self",
      },
      "ref": null,
      "rendered": Object {
        "instance": null,
        "key": undefined,
        "nodeType": "host",
        "props": Object {
          "children": "Login with Google",
          "className": "googleButton_text",
        },
        "ref": null,
        "rendered": "Login with Google",
        "type": "span",
      },
      "type": "a",
    },
    "type": "button",
  },
  Symbol(enzyme.__nodes__): Array [
    Object {
      "instance": null,
      "key": undefined,
      "nodeType": "host",
      "props": Object {
        "children": <a
          href="/api/auth/google"
          target="_self"
>
          <span
                    className="googleButton_text"
          >
                    Login with Google
          </span>
</a>,
        "className": "googleButton",
      },
      "ref": null,
      "rendered": Object {
        "instance": null,
        "key": undefined,
        "nodeType": "host",
        "props": Object {
          "children": <span
            className="googleButton_text"
>
            Login with Google
</span>,
          "href": "/api/auth/google",
          "target": "_self",
        },
        "ref": null,
        "rendered": Object {
          "instance": null,
          "key": undefined,
          "nodeType": "host",
          "props": Object {
            "children": "Login with Google",
            "className": "googleButton_text",
          },
          "ref": null,
          "rendered": "Login with Google",
          "type": "span",
        },
        "type": "a",
      },
      "type": "button",
    },
  ],
  Symbol(enzyme.__options__): Object {
    "adapter": ReactSixteenAdapter {
      "options": Object {
        "enableComponentDidUpdateOnSetState": true,
      },
    },
  },
}
`;
