// Jest Snapshot v1, https://goo.gl/fbAQLP

exports[`Emails Component renders correctly 1`] = `
ShallowWrapper {
  "length": 1,
  Symbol(enzyme.__root__): [Circular],
  Symbol(enzyme.__unrendered__): <Emails
    createContact={[Function]}
    emailError=""
    emails={Array []}
    isFetching={false}
/>,
  Symbol(enzyme.__renderer__): Object {
    "batchedUpdates": [Function],
    "getNode": [Function],
    "render": [Function],
    "simulateEvent": [Function],
    "unmount": [Function],
  },
  Symbol(enzyme.__node__): Object {
    "instance": null,
    "key": undefined,
    "nodeType": "class",
    "props": Object {
      "bsClass": "container",
      "children": <Row
        bsClass="row"
        componentClass="div"
>
        <Col
                bsClass="col"
                componentClass="div"
                xs={12}
        >
                <Table
                        bordered={false}
                        bsClass="table"
                        condensed={false}
                        hover={false}
                        responsive={false}
                        striped={true}
                >
                        <thead>
                                <tr>
                                        <th>
                                                Sender
                                        </th>
                                        <th>
                                                Subject
                                        </th>
                                        <th>
                                                Date
                                        </th>
                                </tr>
                        </thead>
                        <tbody>
                                
                        </tbody>
                </Table>
        </Col>
</Row>,
      "componentClass": "div",
      "fluid": false,
    },
    "ref": null,
    "rendered": Object {
      "instance": null,
      "key": undefined,
      "nodeType": "class",
      "props": Object {
        "bsClass": "row",
        "children": <Col
          bsClass="col"
          componentClass="div"
          xs={12}
>
          <Table
                    bordered={false}
                    bsClass="table"
                    condensed={false}
                    hover={false}
                    responsive={false}
                    striped={true}
          >
                    <thead>
                              <tr>
                                        <th>
                                                  Sender
                                        </th>
                                        <th>
                                                  Subject
                                        </th>
                                        <th>
                                                  Date
                                        </th>
                              </tr>
                    </thead>
                    <tbody>
                              
                    </tbody>
          </Table>
</Col>,
        "componentClass": "div",
      },
      "ref": null,
      "rendered": Object {
        "instance": null,
        "key": undefined,
        "nodeType": "class",
        "props": Object {
          "bsClass": "col",
          "children": <Table
            bordered={false}
            bsClass="table"
            condensed={false}
            hover={false}
            responsive={false}
            striped={true}
>
            <thead>
                        <tr>
                                    <th>
                                                Sender
                                    </th>
                                    <th>
                                                Subject
                                    </th>
                                    <th>
                                                Date
                                    </th>
                        </tr>
            </thead>
            <tbody>
                        
            </tbody>
</Table>,
          "componentClass": "div",
          "xs": 12,
        },
        "ref": null,
        "rendered": Object {
          "instance": null,
          "key": undefined,
          "nodeType": "class",
          "props": Object {
            "bordered": false,
            "bsClass": "table",
            "children": Array [
              <thead>
                <tr>
                                <th>
                                                Sender
                                </th>
                                <th>
                                                Subject
                                </th>
                                <th>
                                                Date
                                </th>
                </tr>
</thead>,
              <tbody>
                
</tbody>,
            ],
            "condensed": false,
            "hover": false,
            "responsive": false,
            "striped": true,
          },
          "ref": null,
          "rendered": Array [
            Object {
              "instance": null,
              "key": undefined,
              "nodeType": "host",
              "props": Object {
                "children": <tr>
                  <th>
                                    Sender
                  </th>
                  <th>
                                    Subject
                  </th>
                  <th>
                                    Date
                  </th>
</tr>,
              },
              "ref": null,
              "rendered": Object {
                "instance": null,
                "key": undefined,
                "nodeType": "host",
                "props": Object {
                  "children": Array [
                    <th>
                      Sender
</th>,
                    <th>
                      Subject
</th>,
                    <th>
                      Date
</th>,
                  ],
                },
                "ref": null,
                "rendered": Array [
                  Object {
                    "instance": null,
                    "key": undefined,
                    "nodeType": "host",
                    "props": Object {
                      "children": "Sender",
                    },
                    "ref": null,
                    "rendered": "Sender",
                    "type": "th",
                  },
                  Object {
                    "instance": null,
                    "key": undefined,
                    "nodeType": "host",
                    "props": Object {
                      "children": "Subject",
                    },
                    "ref": null,
                    "rendered": "Subject",
                    "type": "th",
                  },
                  Object {
                    "instance": null,
                    "key": undefined,
                    "nodeType": "host",
                    "props": Object {
                      "children": "Date",
                    },
                    "ref": null,
                    "rendered": "Date",
                    "type": "th",
                  },
                ],
                "type": "tr",
              },
              "type": "thead",
            },
            Object {
              "instance": null,
              "key": undefined,
              "nodeType": "host",
              "props": Object {
                "children": Array [],
              },
              "ref": null,
              "rendered": Array [],
              "type": "tbody",
            },
          ],
          "type": [Function],
        },
        "type": [Function],
      },
      "type": [Function],
    },
    "type": [Function],
  },
  Symbol(enzyme.__nodes__): Array [
    Object {
      "instance": null,
      "key": undefined,
      "nodeType": "class",
      "props": Object {
        "bsClass": "container",
        "children": <Row
          bsClass="row"
          componentClass="div"
>
          <Col
                    bsClass="col"
                    componentClass="div"
                    xs={12}
          >
                    <Table
                              bordered={false}
                              bsClass="table"
                              condensed={false}
                              hover={false}
                              responsive={false}
                              striped={true}
                    >
                              <thead>
                                        <tr>
                                                  <th>
                                                            Sender
                                                  </th>
                                                  <th>
                                                            Subject
                                                  </th>
                                                  <th>
                                                            Date
                                                  </th>
                                        </tr>
                              </thead>
                              <tbody>
                                        
                              </tbody>
                    </Table>
          </Col>
</Row>,
        "componentClass": "div",
        "fluid": false,
      },
      "ref": null,
      "rendered": Object {
        "instance": null,
        "key": undefined,
        "nodeType": "class",
        "props": Object {
          "bsClass": "row",
          "children": <Col
            bsClass="col"
            componentClass="div"
            xs={12}
>
            <Table
                        bordered={false}
                        bsClass="table"
                        condensed={false}
                        hover={false}
                        responsive={false}
                        striped={true}
            >
                        <thead>
                                    <tr>
                                                <th>
                                                            Sender
                                                </th>
                                                <th>
                                                            Subject
                                                </th>
                                                <th>
                                                            Date
                                                </th>
                                    </tr>
                        </thead>
                        <tbody>
                                    
                        </tbody>
            </Table>
</Col>,
          "componentClass": "div",
        },
        "ref": null,
        "rendered": Object {
          "instance": null,
          "key": undefined,
          "nodeType": "class",
          "props": Object {
            "bsClass": "col",
            "children": <Table
              bordered={false}
              bsClass="table"
              condensed={false}
              hover={false}
              responsive={false}
              striped={true}
>
              <thead>
                            <tr>
                                          <th>
                                                        Sender
                                          </th>
                                          <th>
                                                        Subject
                                          </th>
                                          <th>
                                                        Date
                                          </th>
                            </tr>
              </thead>
              <tbody>
                            
              </tbody>
</Table>,
            "componentClass": "div",
            "xs": 12,
          },
          "ref": null,
          "rendered": Object {
            "instance": null,
            "key": undefined,
            "nodeType": "class",
            "props": Object {
              "bordered": false,
              "bsClass": "table",
              "children": Array [
                <thead>
                  <tr>
                                    <th>
                                                      Sender
                                    </th>
                                    <th>
                                                      Subject
                                    </th>
                                    <th>
                                                      Date
                                    </th>
                  </tr>
</thead>,
                <tbody>
                  
</tbody>,
              ],
              "condensed": false,
              "hover": false,
              "responsive": false,
              "striped": true,
            },
            "ref": null,
            "rendered": Array [
              Object {
                "instance": null,
                "key": undefined,
                "nodeType": "host",
                "props": Object {
                  "children": <tr>
                    <th>
                                        Sender
                    </th>
                    <th>
                                        Subject
                    </th>
                    <th>
                                        Date
                    </th>
</tr>,
                },
                "ref": null,
                "rendered": Object {
                  "instance": null,
                  "key": undefined,
                  "nodeType": "host",
                  "props": Object {
                    "children": Array [
                      <th>
                        Sender
</th>,
                      <th>
                        Subject
</th>,
                      <th>
                        Date
</th>,
                    ],
                  },
                  "ref": null,
                  "rendered": Array [
                    Object {
                      "instance": null,
                      "key": undefined,
                      "nodeType": "host",
                      "props": Object {
                        "children": "Sender",
                      },
                      "ref": null,
                      "rendered": "Sender",
                      "type": "th",
                    },
                    Object {
                      "instance": null,
                      "key": undefined,
                      "nodeType": "host",
                      "props": Object {
                        "children": "Subject",
                      },
                      "ref": null,
                      "rendered": "Subject",
                      "type": "th",
                    },
                    Object {
                      "instance": null,
                      "key": undefined,
                      "nodeType": "host",
                      "props": Object {
                        "children": "Date",
                      },
                      "ref": null,
                      "rendered": "Date",
                      "type": "th",
                    },
                  ],
                  "type": "tr",
                },
                "type": "thead",
              },
              Object {
                "instance": null,
                "key": undefined,
                "nodeType": "host",
                "props": Object {
                  "children": Array [],
                },
                "ref": null,
                "rendered": Array [],
                "type": "tbody",
              },
            ],
            "type": [Function],
          },
          "type": [Function],
        },
        "type": [Function],
      },
      "type": [Function],
    },
  ],
  Symbol(enzyme.__options__): Object {
    "adapter": ReactSixteenAdapter {
      "options": Object {
        "enableComponentDidUpdateOnSetState": true,
      },
    },
  },
}
`;
