// Jest Snapshot v1, https://goo.gl/fbAQLP

exports[`SingleEmail Component renders correctly 1`] = `
ShallowWrapper {
  "length": 1,
  Symbol(enzyme.__root__): [Circular],
  Symbol(enzyme.__unrendered__): <SingleEmail
    email={Object {}}
    isFetching={false}
  />,
  Symbol(enzyme.__renderer__): Object {
    "batchedUpdates": [Function],
    "getNode": [Function],
    "render": [Function],
    "simulateEvent": [Function],
    "unmount": [Function],
  },
  Symbol(enzyme.__node__): Object {
    "instance": null,
    "key": undefined,
    "nodeType": "class",
    "props": Object {
      "bsClass": "container",
      "children": <Row
        bsClass="row"
        componentClass="div"
      >
        <Col
          bsClass="col"
          componentClass="div"
          xs={12}
        >
          <h4>
            Subject: 
          </h4>
          <h4>
            To:
             
          </h4>
          <h4>
            From:
             
          </h4>
          <div
            className="singleEmailBody"
          />
        </Col>
      </Row>,
      "componentClass": "div",
      "fluid": false,
    },
    "ref": null,
    "rendered": Object {
      "instance": null,
      "key": undefined,
      "nodeType": "class",
      "props": Object {
        "bsClass": "row",
        "children": <Col
          bsClass="col"
          componentClass="div"
          xs={12}
        >
          <h4>
            Subject: 
          </h4>
          <h4>
            To:
             
          </h4>
          <h4>
            From:
             
          </h4>
          <div
            className="singleEmailBody"
          />
        </Col>,
        "componentClass": "div",
      },
      "ref": null,
      "rendered": Object {
        "instance": null,
        "key": undefined,
        "nodeType": "class",
        "props": Object {
          "bsClass": "col",
          "children": Array [
            <h4>
              Subject: 
            </h4>,
            <h4>
              To:
               
            </h4>,
            <h4>
              From:
               
            </h4>,
            <div
              className="singleEmailBody"
            />,
          ],
          "componentClass": "div",
          "xs": 12,
        },
        "ref": null,
        "rendered": Array [
          Object {
            "instance": null,
            "key": undefined,
            "nodeType": "host",
            "props": Object {
              "children": Array [
                "Subject: ",
                undefined,
              ],
            },
            "ref": null,
            "rendered": Array [
              "Subject: ",
              undefined,
            ],
            "type": "h4",
          },
          Object {
            "instance": null,
            "key": undefined,
            "nodeType": "host",
            "props": Object {
              "children": Array [
                "To:",
                " ",
                undefined,
              ],
            },
            "ref": null,
            "rendered": Array [
              "To:",
              " ",
              undefined,
            ],
            "type": "h4",
          },
          Object {
            "instance": null,
            "key": undefined,
            "nodeType": "host",
            "props": Object {
              "children": Array [
                "From:",
                " ",
                undefined,
              ],
            },
            "ref": null,
            "rendered": Array [
              "From:",
              " ",
              undefined,
            ],
            "type": "h4",
          },
          Object {
            "instance": null,
            "key": undefined,
            "nodeType": "host",
            "props": Object {
              "children": undefined,
              "className": "singleEmailBody",
            },
            "ref": null,
            "rendered": null,
            "type": "div",
          },
        ],
        "type": [Function],
      },
      "type": [Function],
    },
    "type": [Function],
  },
  Symbol(enzyme.__nodes__): Array [
    Object {
      "instance": null,
      "key": undefined,
      "nodeType": "class",
      "props": Object {
        "bsClass": "container",
        "children": <Row
          bsClass="row"
          componentClass="div"
        >
          <Col
            bsClass="col"
            componentClass="div"
            xs={12}
          >
            <h4>
              Subject: 
            </h4>
            <h4>
              To:
               
            </h4>
            <h4>
              From:
               
            </h4>
            <div
              className="singleEmailBody"
            />
          </Col>
        </Row>,
        "componentClass": "div",
        "fluid": false,
      },
      "ref": null,
      "rendered": Object {
        "instance": null,
        "key": undefined,
        "nodeType": "class",
        "props": Object {
          "bsClass": "row",
          "children": <Col
            bsClass="col"
            componentClass="div"
            xs={12}
          >
            <h4>
              Subject: 
            </h4>
            <h4>
              To:
               
            </h4>
            <h4>
              From:
               
            </h4>
            <div
              className="singleEmailBody"
            />
          </Col>,
          "componentClass": "div",
        },
        "ref": null,
        "rendered": Object {
          "instance": null,
          "key": undefined,
          "nodeType": "class",
          "props": Object {
            "bsClass": "col",
            "children": Array [
              <h4>
                Subject: 
              </h4>,
              <h4>
                To:
                 
              </h4>,
              <h4>
                From:
                 
              </h4>,
              <div
                className="singleEmailBody"
              />,
            ],
            "componentClass": "div",
            "xs": 12,
          },
          "ref": null,
          "rendered": Array [
            Object {
              "instance": null,
              "key": undefined,
              "nodeType": "host",
              "props": Object {
                "children": Array [
                  "Subject: ",
                  undefined,
                ],
              },
              "ref": null,
              "rendered": Array [
                "Subject: ",
                undefined,
              ],
              "type": "h4",
            },
            Object {
              "instance": null,
              "key": undefined,
              "nodeType": "host",
              "props": Object {
                "children": Array [
                  "To:",
                  " ",
                  undefined,
                ],
              },
              "ref": null,
              "rendered": Array [
                "To:",
                " ",
                undefined,
              ],
              "type": "h4",
            },
            Object {
              "instance": null,
              "key": undefined,
              "nodeType": "host",
              "props": Object {
                "children": Array [
                  "From:",
                  " ",
                  undefined,
                ],
              },
              "ref": null,
              "rendered": Array [
                "From:",
                " ",
                undefined,
              ],
              "type": "h4",
            },
            Object {
              "instance": null,
              "key": undefined,
              "nodeType": "host",
              "props": Object {
                "children": undefined,
                "className": "singleEmailBody",
              },
              "ref": null,
              "rendered": null,
              "type": "div",
            },
          ],
          "type": [Function],
        },
        "type": [Function],
      },
      "type": [Function],
    },
  ],
  Symbol(enzyme.__options__): Object {
    "adapter": ReactSixteenAdapter {
      "options": Object {
        "enableComponentDidUpdateOnSetState": true,
      },
    },
  },
}
`;
