// Jest Snapshot v1, https://goo.gl/fbAQLP

exports[`Landing Page Component renders correctly 1`] = `
ShallowWrapper {
  "length": 1,
  Symbol(enzyme.__root__): [Circular],
  Symbol(enzyme.__unrendered__): <LandingPage />,
  Symbol(enzyme.__renderer__): Object {
    "batchedUpdates": [Function],
    "getNode": [Function],
    "render": [Function],
    "simulateEvent": [Function],
    "unmount": [Function],
  },
  Symbol(enzyme.__node__): Object {
    "instance": null,
    "key": undefined,
    "nodeType": "host",
    "props": Object {
      "children": <div
        className={undefined}
      >
        <div
          className={undefined}
        >
          <div
            className={undefined}
          >
            <h1
              className={undefined}
            >
              Tempo
            </h1>
            <h2
              className={undefined}
            >
              by LeadCloud
            </h2>
          </div>
          <GoogleButton />
        </div>
      </div>,
      "className": undefined,
    },
    "ref": null,
    "rendered": Object {
      "instance": null,
      "key": undefined,
      "nodeType": "host",
      "props": Object {
        "children": <div
          className={undefined}
        >
          <div
            className={undefined}
          >
            <h1
              className={undefined}
            >
              Tempo
            </h1>
            <h2
              className={undefined}
            >
              by LeadCloud
            </h2>
          </div>
          <GoogleButton />
        </div>,
        "className": undefined,
      },
      "ref": null,
      "rendered": Object {
        "instance": null,
        "key": undefined,
        "nodeType": "host",
        "props": Object {
          "children": Array [
            <div
              className={undefined}
            >
              <h1
                className={undefined}
              >
                Tempo
              </h1>
              <h2
                className={undefined}
              >
                by LeadCloud
              </h2>
            </div>,
            <GoogleButton />,
          ],
          "className": undefined,
        },
        "ref": null,
        "rendered": Array [
          Object {
            "instance": null,
            "key": undefined,
            "nodeType": "host",
            "props": Object {
              "children": Array [
                <h1
                  className={undefined}
                >
                  Tempo
                </h1>,
                <h2
                  className={undefined}
                >
                  by LeadCloud
                </h2>,
              ],
              "className": undefined,
            },
            "ref": null,
            "rendered": Array [
              Object {
                "instance": null,
                "key": undefined,
                "nodeType": "host",
                "props": Object {
                  "children": "Tempo",
                  "className": undefined,
                },
                "ref": null,
                "rendered": "Tempo",
                "type": "h1",
              },
              Object {
                "instance": null,
                "key": undefined,
                "nodeType": "host",
                "props": Object {
                  "children": "by LeadCloud",
                  "className": undefined,
                },
                "ref": null,
                "rendered": "by LeadCloud",
                "type": "h2",
              },
            ],
            "type": "div",
          },
          Object {
            "instance": null,
            "key": undefined,
            "nodeType": "function",
            "props": Object {},
            "ref": null,
            "rendered": null,
            "type": [Function],
          },
        ],
        "type": "div",
      },
      "type": "div",
    },
    "type": "div",
  },
  Symbol(enzyme.__nodes__): Array [
    Object {
      "instance": null,
      "key": undefined,
      "nodeType": "host",
      "props": Object {
        "children": <div
          className={undefined}
        >
          <div
            className={undefined}
          >
            <div
              className={undefined}
            >
              <h1
                className={undefined}
              >
                Tempo
              </h1>
              <h2
                className={undefined}
              >
                by LeadCloud
              </h2>
            </div>
            <GoogleButton />
          </div>
        </div>,
        "className": undefined,
      },
      "ref": null,
      "rendered": Object {
        "instance": null,
        "key": undefined,
        "nodeType": "host",
        "props": Object {
          "children": <div
            className={undefined}
          >
            <div
              className={undefined}
            >
              <h1
                className={undefined}
              >
                Tempo
              </h1>
              <h2
                className={undefined}
              >
                by LeadCloud
              </h2>
            </div>
            <GoogleButton />
          </div>,
          "className": undefined,
        },
        "ref": null,
        "rendered": Object {
          "instance": null,
          "key": undefined,
          "nodeType": "host",
          "props": Object {
            "children": Array [
              <div
                className={undefined}
              >
                <h1
                  className={undefined}
                >
                  Tempo
                </h1>
                <h2
                  className={undefined}
                >
                  by LeadCloud
                </h2>
              </div>,
              <GoogleButton />,
            ],
            "className": undefined,
          },
          "ref": null,
          "rendered": Array [
            Object {
              "instance": null,
              "key": undefined,
              "nodeType": "host",
              "props": Object {
                "children": Array [
                  <h1
                    className={undefined}
                  >
                    Tempo
                  </h1>,
                  <h2
                    className={undefined}
                  >
                    by LeadCloud
                  </h2>,
                ],
                "className": undefined,
              },
              "ref": null,
              "rendered": Array [
                Object {
                  "instance": null,
                  "key": undefined,
                  "nodeType": "host",
                  "props": Object {
                    "children": "Tempo",
                    "className": undefined,
                  },
                  "ref": null,
                  "rendered": "Tempo",
                  "type": "h1",
                },
                Object {
                  "instance": null,
                  "key": undefined,
                  "nodeType": "host",
                  "props": Object {
                    "children": "by LeadCloud",
                    "className": undefined,
                  },
                  "ref": null,
                  "rendered": "by LeadCloud",
                  "type": "h2",
                },
              ],
              "type": "div",
            },
            Object {
              "instance": null,
              "key": undefined,
              "nodeType": "function",
              "props": Object {},
              "ref": null,
              "rendered": null,
              "type": [Function],
            },
          ],
          "type": "div",
        },
        "type": "div",
      },
      "type": "div",
    },
  ],
  Symbol(enzyme.__options__): Object {
    "adapter": ReactSixteenAdapter {
      "options": Object {
        "enableComponentDidUpdateOnSetState": true,
      },
    },
  },
}
`;
