// Jest Snapshot v1, https://goo.gl/fbAQLP

exports[`Loading Component renders correctly 1`] = `
ShallowWrapper {
  "length": 1,
  Symbol(enzyme.__root__): [Circular],
  Symbol(enzyme.__unrendered__): <Loading />,
  Symbol(enzyme.__renderer__): Object {
    "batchedUpdates": [Function],
    "getNode": [Function],
    "render": [Function],
    "simulateEvent": [Function],
    "unmount": [Function],
  },
  Symbol(enzyme.__node__): Object {
    "instance": null,
    "key": undefined,
    "nodeType": "class",
    "props": Object {
      "bsClass": "container",
      "children": <Row
        bsClass="row"
        componentClass="div"
      >
        <Col
          bsClass="col"
          componentClass="div"
          xs={12}
        >
          <div
            className="loadingContainer"
          >
            <Loading
              className="loadingContainer2"
              color="#444"
              delay="500"
              height="100"
              type="spinningBubbles"
              width="100"
            />
          </div>
        </Col>
      </Row>,
      "componentClass": "div",
      "fluid": false,
    },
    "ref": null,
    "rendered": Object {
      "instance": null,
      "key": undefined,
      "nodeType": "class",
      "props": Object {
        "bsClass": "row",
        "children": <Col
          bsClass="col"
          componentClass="div"
          xs={12}
        >
          <div
            className="loadingContainer"
          >
            <Loading
              className="loadingContainer2"
              color="#444"
              delay="500"
              height="100"
              type="spinningBubbles"
              width="100"
            />
          </div>
        </Col>,
        "componentClass": "div",
      },
      "ref": null,
      "rendered": Object {
        "instance": null,
        "key": undefined,
        "nodeType": "class",
        "props": Object {
          "bsClass": "col",
          "children": <div
            className="loadingContainer"
          >
            <Loading
              className="loadingContainer2"
              color="#444"
              delay="500"
              height="100"
              type="spinningBubbles"
              width="100"
            />
          </div>,
          "componentClass": "div",
          "xs": 12,
        },
        "ref": null,
        "rendered": Object {
          "instance": null,
          "key": undefined,
          "nodeType": "host",
          "props": Object {
            "children": <Loading
              className="loadingContainer2"
              color="#444"
              delay="500"
              height="100"
              type="spinningBubbles"
              width="100"
            />,
            "className": "loadingContainer",
          },
          "ref": null,
          "rendered": Object {
            "instance": null,
            "key": undefined,
            "nodeType": "class",
            "props": Object {
              "className": "loadingContainer2",
              "color": "#444",
              "delay": "500",
              "height": "100",
              "type": "spinningBubbles",
              "width": "100",
            },
            "ref": null,
            "rendered": null,
            "type": [Function],
          },
          "type": "div",
        },
        "type": [Function],
      },
      "type": [Function],
    },
    "type": [Function],
  },
  Symbol(enzyme.__nodes__): Array [
    Object {
      "instance": null,
      "key": undefined,
      "nodeType": "class",
      "props": Object {
        "bsClass": "container",
        "children": <Row
          bsClass="row"
          componentClass="div"
        >
          <Col
            bsClass="col"
            componentClass="div"
            xs={12}
          >
            <div
              className="loadingContainer"
            >
              <Loading
                className="loadingContainer2"
                color="#444"
                delay="500"
                height="100"
                type="spinningBubbles"
                width="100"
              />
            </div>
          </Col>
        </Row>,
        "componentClass": "div",
        "fluid": false,
      },
      "ref": null,
      "rendered": Object {
        "instance": null,
        "key": undefined,
        "nodeType": "class",
        "props": Object {
          "bsClass": "row",
          "children": <Col
            bsClass="col"
            componentClass="div"
            xs={12}
          >
            <div
              className="loadingContainer"
            >
              <Loading
                className="loadingContainer2"
                color="#444"
                delay="500"
                height="100"
                type="spinningBubbles"
                width="100"
              />
            </div>
          </Col>,
          "componentClass": "div",
        },
        "ref": null,
        "rendered": Object {
          "instance": null,
          "key": undefined,
          "nodeType": "class",
          "props": Object {
            "bsClass": "col",
            "children": <div
              className="loadingContainer"
            >
              <Loading
                className="loadingContainer2"
                color="#444"
                delay="500"
                height="100"
                type="spinningBubbles"
                width="100"
              />
            </div>,
            "componentClass": "div",
            "xs": 12,
          },
          "ref": null,
          "rendered": Object {
            "instance": null,
            "key": undefined,
            "nodeType": "host",
            "props": Object {
              "children": <Loading
                className="loadingContainer2"
                color="#444"
                delay="500"
                height="100"
                type="spinningBubbles"
                width="100"
              />,
              "className": "loadingContainer",
            },
            "ref": null,
            "rendered": Object {
              "instance": null,
              "key": undefined,
              "nodeType": "class",
              "props": Object {
                "className": "loadingContainer2",
                "color": "#444",
                "delay": "500",
                "height": "100",
                "type": "spinningBubbles",
                "width": "100",
              },
              "ref": null,
              "rendered": null,
              "type": [Function],
            },
            "type": "div",
          },
          "type": [Function],
        },
        "type": [Function],
      },
      "type": [Function],
    },
  ],
  Symbol(enzyme.__options__): Object {
    "adapter": ReactSixteenAdapter {
      "options": Object {
        "enableComponentDidUpdateOnSetState": true,
      },
    },
  },
}
`;
